../Core/Src/main.c:73:6:HAL_GPIO_EXTI_Callback	16	static
../Core/Src/main.c:90:5:main	112	static
../Core/Src/main.c:181:6:SystemClock_Config	88	static
../Core/Src/main.c:228:13:MX_TIM2_Init	32	static
../Core/Src/main.c:273:13:MX_USART2_UART_Init	8	static
../Core/Src/main.c:306:13:MX_GPIO_Init	48	static
../Core/Src/main.c:376:6:StartTask01	24	static
../Core/Src/main.c:403:6:StartTask02	152	static
../Core/Src/main.c:444:6:StartTask03	24	static
../Core/Src/main.c:481:6:HAL_TIM_PeriodElapsedCallback	16	static
../Core/Src/main.c:498:6:Error_Handler	4	static,ignoring_inline_asm
