../Core/Src/oled.c:34:6:SSD1306_WRITECOMMAND	16	static
../Core/Src/oled.c:42:6:SSD1306_WRITEDATA	16	static
../Core/Src/oled.c:50:6:SSD1306_Write_Multi_Data	16	static
../Core/Src/oled.c:84:6:SSD1306_ScrollRight	16	static
../Core/Src/oled.c:97:6:SSD1306_ScrollLeft	16	static
../Core/Src/oled.c:110:6:SSD1306_Scrolldiagright	16	static
../Core/Src/oled.c:126:6:SSD1306_Scrolldiagleft	16	static
../Core/Src/oled.c:142:6:SSD1306_Stopscroll	8	static
../Core/Src/oled.c:149:6:SSD1306_InvertDisplay	16	static
../Core/Src/oled.c:158:6:SSD1306_DrawBitmap	32	static
../Core/Src/oled.c:181:9:SSD1306_Init	16	static
../Core/Src/oled.c:241:6:SSD1306_UpdateScreen	16	static
../Core/Src/oled.c:255:6:SSD1306_ToggleInvert	16	static
../Core/Src/oled.c:267:6:SSD1306_Fill	16	static
../Core/Src/oled.c:272:6:SSD1306_DrawPixel	16	static
../Core/Src/oled.c:294:6:SSD1306_GotoXY	16	static
../Core/Src/oled.c:300:6:SSD1306_Putc	32	static
../Core/Src/oled.c:331:6:SSD1306_Puts	24	static
../Core/Src/oled.c:349:6:SSD1306_DrawLine	40	static
../Core/Src/oled.c:433:6:SSD1306_DrawRectangle	32	static
../Core/Src/oled.c:458:6:SSD1306_DrawFilledRectangle	40	static
../Core/Src/oled.c:485:6:SSD1306_DrawTriangle	32	static
../Core/Src/oled.c:493:6:SSD1306_DrawFilledTriangle	64	static
../Core/Src/oled.c:549:6:SSD1306_DrawCircle	40	static
../Core/Src/oled.c:583:6:SSD1306_DrawFilledCircle	48	static
../Core/Src/oled.c:616:6:SSD1306_Clear	8	static
../Core/Src/oled.c:621:6:SSD1306_ON	8	static
../Core/Src/oled.c:626:6:SSD1306_OFF	8	static
../Core/Src/oled.c:633:6:ssd1306_I2C_Init	16	static
